../Core/Src/main.c:79:6:HAL_GPIO_EXTI_Callback	24	static,ignoring_inline_asm
../Core/Src/main.c:105:5:main	56	static
../Core/Src/main.c:192:6:SystemClock_Config	72	static
../Core/Src/main.c:229:13:MX_USART1_UART_Init	8	static
../Core/Src/main.c:262:13:MX_GPIO_Init	32	static
../Core/Src/main.c:288:7:CalcSwitch1_Task	32	static
../Core/Src/main.c:306:7:IncreaseVar_Task	32	static
../Core/Src/main.c:327:9:DecreaseVar_Task	32	static
../Core/Src/main.c:349:9:UART_Task	96	static
../Core/Src/main.c:379:6:StartDefaultTask	16	static
../Core/Src/main.c:394:6:Error_Handler	4	static,ignoring_inline_asm
